Starting org.bukkit.craftbukkit.Main
2026-08-01T10:47:23.359337312Z ServerMain WARN Advanced terminal features are not available in this environment
[10:47:23 INFO]: [bootstrap] Running Java 25 (OpenJDK 64-Bit Server VM 25.0.3+9-LTS; Eclipse Adoptium Temurin-25.0.3+9) on Linux 6.17.0-1020-azure (amd64)
[10:47:23 INFO]: [bootstrap] Loading Rolia 26.2-46-main@7f433c1 (1970-01-01T00:00:00Z) for Minecraft 26.2
[10:47:23 INFO]: [PluginInitializerManager] Initializing plugins...
[10:47:23 INFO]: [PluginInitializerManager] Initialized 0 plugins
[10:47:24 INFO]: [CanvasMC] Loading Canvas server configuration
[10:47:24 WARN]: [CanvasMC] SIMD operations are available for your server, but are not configured!
[10:47:24 WARN]: [CanvasMC] To enable additional optimizations, add "--add-modules=jdk.incubator.vector" to your startup flags, BEFORE the "-jar".
[10:47:24 WARN]: [CanvasMC] If you have already added this flag, then SIMD operations are not supported on your JVM or CPU.
[10:47:24 WARN]: [CanvasMC] Debug: Java: 25.0.3, test run: true
[10:47:24 INFO]: [CanvasMC] Registered all Canvas commands
[10:47:24 INFO]: [CanvasMC] Server will autosave enabled selection every 5m
[10:47:24 INFO]: [CanvasMC] Using 20.0 as default tick rate
WARNING: A terminally deprecated method in sun.misc.Unsafe has been called
WARNING: sun.misc.Unsafe::objectFieldOffset has been called by org.joml.MemUtil$MemUtilUnsafe (file:/home/runner/work/Rolia/Rolia/testrun/libraries/org/joml/joml/1.10.8/joml-1.10.8.jar)
WARNING: Please consider reporting this to the maintainers of class org.joml.MemUtil$MemUtilUnsafe
WARNING: sun.misc.Unsafe::objectFieldOffset will be removed in a future release
[10:47:28 INFO]: [ca.spottedleaf.dataconverter.minecraft.datatypes.MCTypeRegistry] Initialising converters for DataConverter...
[10:47:28 INFO]: Environment: Environment[sessionHost=https://sessionserver.mojang.com, servicesHost=https://api.minecraftservices.com, profilesHost=https://api.mojang.com, name=PROD]
[10:47:28 INFO]: [ca.spottedleaf.dataconverter.minecraft.datatypes.MCTypeRegistry] Finished initialising converters for DataConverter in 691.9ms
[10:47:28 INFO]: Found new data pack file/bukkit, loading it automatically
[10:47:28 INFO]: Found new data pack paper, loading it automatically
[10:47:29 INFO]: No existing world data, creating new world
[10:47:30 INFO]: Loaded 1585 recipes
[10:47:30 INFO]: Loaded 1688 advancements
[10:47:30 INFO]: Starting minecraft server version 26.2
[10:47:30 INFO]: Loading properties
[10:47:30 INFO]: This server is running Rolia version 26.2-46-main@7f433c1 (1970-01-01T00:00:00Z) (Implementing API version 26.2.build.46-stable)
[10:47:30 INFO]: [spark] This server bundles the spark profiler. For more information please visit https://docs.papermc.io/paper/profiling
[10:47:30 INFO]: Server Ping Player Sample Count: 12
[10:47:30 INFO]: Using 4 threads for Netty based IO
[10:47:31 INFO]: [MoonriseCommon] Setting up Paper chunk system
[10:47:31 INFO]: [MoonriseCommon] Rolia is using 1 worker threads, 1 I/O threads
[10:47:31 INFO]: [TickRegions] Initialised EDF Folia scheduler with initial 1 target thread(s)
[10:47:31 INFO]: Default game type: SURVIVAL
[10:47:31 INFO]: Generating keypair
[10:47:31 INFO]: Starting Minecraft server on *:25640
[10:47:31 INFO]: Paper: Using libdeflate (Linux x86_64) compression from Velocity.
[10:47:31 INFO]: Paper: Using OpenSSL 3.x.x (Linux x86_64) cipher from Velocity.
[10:47:31 WARN]: **** SERVER IS RUNNING IN OFFLINE/INSECURE MODE!
[10:47:31 WARN]: The server will make no attempt to authenticate usernames. Beware.
[10:47:31 WARN]: While this makes the game possible to play without internet access, it also opens up the ability for hackers to connect with any username they choose.
[10:47:31 WARN]: To change this, set "online-mode" to "true" in the server.properties file.
[10:47:31 INFO]: Preparing level "world"
[10:47:31 INFO]: [CanvasWorlds] Loaded Canvas config patch for level minecraft:overworld
[10:47:31 INFO]: [Rolia] no secure seed salt found. Generating a new cryptographically secure salt...
[10:47:31 INFO]: [Rolia] no 1024-bit feature seed found. Generating a new cryptographically secure one...
[10:47:31 INFO]: [Rolia] settings saved to /home/runner/work/Rolia/Rolia/testrun/rolia.yml
[10:47:31 WARN]: [Rolia] [IMPORTANT] rolia.yml holds the secret. Keep it secret and back it up with your world!
[10:47:31 INFO]: [Rolia] using config /home/runner/work/Rolia/Rolia/testrun/rolia.yml
[10:47:31 INFO]: [io.rolia.secureseed.Globals] Rolia: config loaded (secure seed ACTIVE fp=dcedfc28bd3ef8ec).
[10:47:31 INFO]: [io.rolia.secureseed.Globals] Rolia: all 3 options are at their defaults (stock Canvas behaviour + the secure seed).
[10:47:31 INFO]: [io.rolia.secureseed.Globals] Rolia: blake2b-selftest 06bbc3dedf13a31139498655251b7588ccd3bb5aaa071b2d44d8e0a04095579ed590fbfdcf941f4370ce5ce623624e7a76d33e7a8109dcda9b57d72f8f8efa51
[10:47:31 INFO]: [io.rolia.secureseed.Globals] Rolia: slime-selftest f37c90721dc9f2a6
[10:47:32 INFO]: Selecting spawn point for level 'minecraft:overworld'...
[10:47:39 INFO]: [CanvasWorlds] Loaded Canvas config patch for level minecraft:the_nether
[10:47:39 INFO]: Selecting spawn point for level 'minecraft:the_nether'...
[10:47:39 INFO]: [CanvasWorlds] Loaded Canvas config patch for level minecraft:the_end
[10:47:39 INFO]: Selecting spawn point for level 'minecraft:the_end'...
[10:47:39 INFO]: Loading 0 persistent chunks for level 'minecraft:overworld'...
[10:47:39 INFO]: Preparing spawn area: 100%
[10:47:39 INFO]: Prepared spawn area in 7848 ms
[10:47:39 INFO]: Loading 0 persistent chunks for level 'minecraft:the_nether'...
[10:47:39 INFO]: Preparing spawn area: 100%
[10:47:39 INFO]: Prepared spawn area in 973 ms
[10:47:39 INFO]: Loading 0 persistent chunks for level 'minecraft:the_end'...
[10:47:39 INFO]: Preparing spawn area: 100%
[10:47:39 INFO]: Prepared spawn area in 280 ms
[10:47:39 INFO]: Done preparing level "world" (8.180s)
[10:47:40 INFO]: [spark] Starting background profiler...
[10:47:40 INFO]: Saving chunks for level 'ServerLevel[world]'/minecraft:overworld
[10:47:40 INFO]: Saving chunks for level 'ServerLevel[world]'/minecraft:the_nether
[10:47:40 INFO]: Saving chunks for level 'ServerLevel[world]'/minecraft:the_end
[10:47:40 INFO]: ThreadedAnvilChunkStorage (world): All chunks are saved
[10:47:40 INFO]: ThreadedAnvilChunkStorage (DIM-1): All chunks are saved
[10:47:40 INFO]: ThreadedAnvilChunkStorage (DIM1): All chunks are saved
[10:47:40 INFO]: ThreadedAnvilChunkStorage: All dimensions are saved
[10:47:40 INFO]: [TickRegionScheduler] Starting EDF region scheduler
[10:47:40 WARN]: [TickRegionScheduler] Region profiling not supported in this environment
[10:47:40 INFO]: Done (17.461s)! For help, type "help"
[10:47:40 WARN]: [CanvasMC] Running unknown build channel, proceed with caution
[10:47:46 INFO]: Seed: [798108382]
[10:47:46 INFO]: Rolia: Feature seed fp: dcedfc28bd3ef8ec
[10:47:50 INFO]: Stopping the server
[10:47:50 INFO]: [RegionShutdownThread] Awaiting scheduler termination for 60s...
[10:47:50 INFO]: [RegionShutdownThread] Scheduler halted
[10:47:50 INFO]: Stopping server
[10:47:50 INFO]: [RegionShutdownThread] Removing players
[10:47:50 INFO]: [RegionShutdownThread] Halting chunk systems...
[10:47:50 INFO]: [ChunkHolderManager] Waiting 60s for chunk system to halt for world 'minecraft:overworld'
[10:47:50 INFO]: [ChunkHolderManager] Halted chunk system for world 'minecraft:overworld'
[10:47:50 INFO]: [ChunkHolderManager] Waiting 60s for chunk system to halt for world 'minecraft:the_nether'
[10:47:50 INFO]: [ChunkHolderManager] Halted chunk system for world 'minecraft:the_nether'
[10:47:50 INFO]: [ChunkHolderManager] Waiting 60s for chunk system to halt for world 'minecraft:the_end'
[10:47:50 INFO]: [ChunkHolderManager] Halted chunk system for world 'minecraft:the_end'
[10:47:50 INFO]: [RegionShutdownThread] Halted chunk systems
[10:47:50 INFO]: [RegionShutdownThread] Finishing pending teleports...
[10:47:50 INFO]: [RegionShutdownThread] Finished pending teleports
[10:47:50 INFO]: [RegionShutdownThread] Saving all worlds
[10:47:50 INFO]: [RegionShutdownThread] Saving world data for world 'minecraft:overworld'
[10:47:50 INFO]: [RegionShutdownThread] Closing player inventories...
[10:47:50 INFO]: [RegionShutdownThread] Closed player inventories
[10:47:50 INFO]: [RegionShutdownThread] Saving chunks...
[10:47:50 INFO]: [RegionShutdownThread] Saved chunks
[10:47:50 INFO]: [RegionShutdownThread] Saving level data...
[10:47:50 INFO]: [RegionShutdownThread] Saved level data
[10:47:50 INFO]: [RegionShutdownThread] Saved world data for world 'minecraft:overworld'
[10:47:50 INFO]: [RegionShutdownThread] Saving world data for world 'minecraft:the_nether'
[10:47:50 INFO]: [RegionShutdownThread] Closing player inventories...
[10:47:50 INFO]: [RegionShutdownThread] Closed player inventories
[10:47:50 INFO]: [RegionShutdownThread] Saving chunks...
[10:47:50 INFO]: [RegionShutdownThread] Saved chunks
[10:47:50 INFO]: [RegionShutdownThread] Saving level data...
[10:47:50 INFO]: [RegionShutdownThread] Saved level data
[10:47:50 INFO]: [RegionShutdownThread] Saved world data for world 'minecraft:the_nether'
[10:47:50 INFO]: [RegionShutdownThread] Saving world data for world 'minecraft:the_end'
[10:47:50 INFO]: [RegionShutdownThread] Closing player inventories...
[10:47:50 INFO]: [RegionShutdownThread] Closed player inventories
[10:47:50 INFO]: [RegionShutdownThread] Saving chunks...
[10:47:50 INFO]: [RegionShutdownThread] Saved chunks
[10:47:50 INFO]: [RegionShutdownThread] Saving level data...
[10:47:50 INFO]: [RegionShutdownThread] Saved level data
[10:47:50 INFO]: [RegionShutdownThread] Saved world data for world 'minecraft:the_end'
[10:47:50 INFO]: [RegionShutdownThread] Saved all worlds
[10:47:50 INFO]: [RegionShutdownThread] Saving global world data...
[10:47:50 INFO]: [RegionShutdownThread] Saved global world data.
[10:47:50 INFO]: [RegionShutdownThread] Saving all player data...
[10:47:50 INFO]: [RegionShutdownThread] Saved all player data
[10:47:50 INFO]: Waiting for all RegionFile I/O tasks to complete...
[10:47:50 INFO]: All RegionFile I/O tasks to complete
[10:47:50 INFO]: [MoonriseCommon] Awaiting termination of worker pool for up to 60s...
[10:47:50 INFO]: [MoonriseCommon] Awaiting termination of I/O pool for up to 60s...
