Starting org.bukkit.craftbukkit.Main
2026-08-01T10:46:35.314237454Z ServerMain WARN Advanced terminal features are not available in this environment
[10:46:35 INFO]: [bootstrap] Running Java 25 (OpenJDK 64-Bit Server VM 25.0.3+9-LTS; Eclipse Adoptium Temurin-25.0.3+9) on Linux 6.17.0-1020-azure (amd64)
[10:46:35 INFO]: [bootstrap] Loading Rolia 26.2-46-main@7f433c1 (1970-01-01T00:00:00Z) for Minecraft 26.2
[10:46:35 INFO]: [PluginInitializerManager] Initializing plugins...
[10:46:35 INFO]: [PluginInitializerManager] Initialized 0 plugins
[10:46:36 INFO]: [CanvasMC] Loading Canvas server configuration
[10:46:36 WARN]: [CanvasMC] SIMD operations are available for your server, but are not configured!
[10:46:36 WARN]: [CanvasMC] To enable additional optimizations, add "--add-modules=jdk.incubator.vector" to your startup flags, BEFORE the "-jar".
[10:46:36 WARN]: [CanvasMC] If you have already added this flag, then SIMD operations are not supported on your JVM or CPU.
[10:46:36 WARN]: [CanvasMC] Debug: Java: 25.0.3, test run: true
[10:46:36 INFO]: [CanvasMC] Registered all Canvas commands
[10:46:36 INFO]: [CanvasMC] Server will autosave enabled selection every 5m
[10:46:36 INFO]: [CanvasMC] Using 20.0 as default tick rate
WARNING: A terminally deprecated method in sun.misc.Unsafe has been called
WARNING: sun.misc.Unsafe::objectFieldOffset has been called by org.joml.MemUtil$MemUtilUnsafe (file:/home/runner/work/Rolia/Rolia/testrun/terrain/libraries/org/joml/joml/1.10.8/joml-1.10.8.jar)
WARNING: Please consider reporting this to the maintainers of class org.joml.MemUtil$MemUtilUnsafe
WARNING: sun.misc.Unsafe::objectFieldOffset will be removed in a future release
[10:46:40 INFO]: [ca.spottedleaf.dataconverter.minecraft.datatypes.MCTypeRegistry] Initialising converters for DataConverter...
[10:46:40 INFO]: Environment: Environment[sessionHost=https://sessionserver.mojang.com, servicesHost=https://api.minecraftservices.com, profilesHost=https://api.mojang.com, name=PROD]
[10:46:40 INFO]: [ca.spottedleaf.dataconverter.minecraft.datatypes.MCTypeRegistry] Finished initialising converters for DataConverter in 672.4ms
[10:46:42 INFO]: Loaded 1585 recipes
[10:46:42 INFO]: Loaded 1688 advancements
[10:46:42 INFO]: Starting minecraft server version 26.2
[10:46:42 INFO]: Loading properties
[10:46:42 INFO]: This server is running Rolia version 26.2-46-main@7f433c1 (1970-01-01T00:00:00Z) (Implementing API version 26.2.build.46-stable)
[10:46:42 INFO]: [spark] This server bundles the spark profiler. For more information please visit https://docs.papermc.io/paper/profiling
[10:46:43 INFO]: Server Ping Player Sample Count: 12
[10:46:43 INFO]: Using 4 threads for Netty based IO
[10:46:43 INFO]: [MoonriseCommon] Setting up Paper chunk system
[10:46:43 INFO]: [MoonriseCommon] Rolia is using 1 worker threads, 1 I/O threads
[10:46:43 INFO]: [TickRegions] Initialised EDF Folia scheduler with initial 1 target thread(s)
[10:46:43 INFO]: Default game type: SURVIVAL
[10:46:43 INFO]: Generating keypair
[10:46:43 INFO]: Starting Minecraft server on *:25610
[10:46:43 INFO]: Paper: Using libdeflate (Linux x86_64) compression from Velocity.
[10:46:43 INFO]: Paper: Using OpenSSL 3.x.x (Linux x86_64) cipher from Velocity.
[10:46:43 WARN]: **** SERVER IS RUNNING IN OFFLINE/INSECURE MODE!
[10:46:43 WARN]: The server will make no attempt to authenticate usernames. Beware.
[10:46:43 WARN]: While this makes the game possible to play without internet access, it also opens up the ability for hackers to connect with any username they choose.
[10:46:43 WARN]: To change this, set "online-mode" to "true" in the server.properties file.
[10:46:43 INFO]: Preparing level "world"
[10:46:43 INFO]: [CanvasWorlds] Loaded Canvas config patch for level minecraft:overworld
[10:46:43 INFO]: [Rolia] using config /home/runner/work/Rolia/Rolia/testrun/terrain/rolia.yml
[10:46:44 INFO]: [io.rolia.secureseed.Globals] Rolia: config loaded (secure seed ACTIVE fp=ed4dbc5c4de37677).
[10:46:44 INFO]: [io.rolia.secureseed.Globals] Rolia: all 3 options are at their defaults (stock Canvas behaviour + the secure seed).
[10:46:44 INFO]: [io.rolia.secureseed.Globals] Rolia: blake2b-selftest 06bbc3dedf13a31139498655251b7588ccd3bb5aaa071b2d44d8e0a04095579ed590fbfdcf941f4370ce5ce623624e7a76d33e7a8109dcda9b57d72f8f8efa51
[10:46:44 INFO]: [io.rolia.secureseed.Globals] Rolia: slime-selftest 5ed2fa493dbab222
[10:46:44 ERROR]: [Rolia] ############################################################
[10:46:44 ERROR]: [Rolia] SECRET MISMATCH - the world 'world' was generated with a different secret.
[10:46:44 ERROR]: [Rolia] stored fingerprint b38b7786eeda6189 does not match the active one ed4dbc5c4de37677.
[10:46:44 ERROR]: [Rolia] Every newly generated chunk will have different caves, ores, biomes and structures
[10:46:44 ERROR]: [Rolia] than the chunks already on disk, with a hard seam between them, and it cannot be
[10:46:44 ERROR]: [Rolia] repaired afterwards.
[10:46:44 ERROR]: [Rolia] Restore the original rolia.yml from backup, or delete rolia-seed.fp to accept the change.
[10:46:44 ERROR]: [Rolia] secure-seed.on-secret-mismatch is 'block', so the server is stopping now.
[10:46:44 ERROR]: [Rolia] ############################################################
