WARNING: Using incubator modules: jdk.incubator.vector
Downloading mojang_26.2.jar
Applying patches
Starting org.bukkit.craftbukkit.Main
2026-08-01T10:39:15.787256838Z ServerMain WARN Advanced terminal features are not available in this environment
[10:39:16 INFO]: [bootstrap] Running Java 25 (OpenJDK 64-Bit Server VM 25.0.3+9-LTS; Eclipse Adoptium Temurin-25.0.3+9) on Linux 6.17.0-1020-azure (amd64)
[10:39:16 INFO]: [bootstrap] Loading Rolia 26.2-46-main@7f433c1 (1970-01-01T00:00:00Z) for Minecraft 26.2
[10:39:16 INFO]: [PluginInitializerManager] Initializing plugins...
[10:39:16 INFO]: [PluginInitializerManager] Initialized 0 plugins
[10:39:16 INFO]: [CanvasMC] Loading Canvas server configuration
[10:39:16 INFO]: [ConfigurationProvider] canvas-server.yml doesn't exist, using flood fill
[10:39:16 INFO]: [CanvasMC] Max SIMD vector size on this system is 256 bits (int)
[10:39:16 INFO]: [CanvasMC] Max SIMD vector size on this system is 256 bits (float)
[10:39:16 INFO]: [CanvasMC] SIMD operations detected as functional. Will replace some operations with faster versions.
[10:39:16 INFO]: [CanvasMC] Registered all Canvas commands
[10:39:16 INFO]: [CanvasMC] Server will autosave enabled selection every 5m
[10:39:16 INFO]: [CanvasMC] Using 20.0 as default tick rate
[10:39:20 INFO]: [ca.spottedleaf.dataconverter.minecraft.datatypes.MCTypeRegistry] Initialising converters for DataConverter...
[10:39:20 INFO]: Environment: Environment[sessionHost=https://sessionserver.mojang.com, servicesHost=https://api.minecraftservices.com, profilesHost=https://api.mojang.com, name=PROD]
[10:39:21 INFO]: [ca.spottedleaf.dataconverter.minecraft.datatypes.MCTypeRegistry] Finished initialising converters for DataConverter in 693.0ms
[10:39:21 INFO]: Found new data pack file/bukkit, loading it automatically
[10:39:21 INFO]: Found new data pack paper, loading it automatically
[10:39:22 INFO]: No existing world data, creating new world
[10:39:23 INFO]: Loaded 1585 recipes
[10:39:23 INFO]: Loaded 1688 advancements
[10:39:23 INFO]: Starting minecraft server version 26.2
[10:39:23 INFO]: Loading properties
[10:39:23 INFO]: This server is running Rolia version 26.2-46-main@7f433c1 (1970-01-01T00:00:00Z) (Implementing API version 26.2.build.46-stable)
[10:39:23 INFO]: [spark] This server bundles the spark profiler. For more information please visit https://docs.papermc.io/paper/profiling
[10:39:23 INFO]: Server Ping Player Sample Count: 12
[10:39:23 INFO]: Using 4 threads for Netty based IO
[10:39:23 INFO]: [MoonriseCommon] Setting up Paper chunk system
[10:39:23 INFO]: [MoonriseCommon] Rolia is using 1 worker threads, 1 I/O threads
[10:39:23 INFO]: [TickRegions] Initialised EDF Folia scheduler with initial 1 target thread(s)
[10:39:24 INFO]: Default game type: SURVIVAL
[10:39:24 INFO]: Generating keypair
[10:39:24 INFO]: Starting Minecraft server on *:25565
[10:39:24 INFO]: Paper: Using libdeflate (Linux x86_64) compression from Velocity.
[10:39:24 INFO]: Paper: Using OpenSSL 3.x.x (Linux x86_64) cipher from Velocity.
[10:39:24 INFO]: Preparing level "world"
[10:39:24 INFO]: [ConfigurationProvider] canvas-worlds.yml doesn't exist, using flood fill
[10:39:24 INFO]: [CanvasWorlds] Loaded Canvas config patch for level minecraft:overworld
[10:39:24 INFO]: [Rolia] no secure seed salt found. Generating a new cryptographically secure salt...
[10:39:24 INFO]: [Rolia] no 1024-bit feature seed found. Generating a new cryptographically secure one...
[10:39:24 INFO]: [Rolia] settings saved to /home/runner/work/Rolia/Rolia/testrun/rolia.yml
[10:39:24 WARN]: [Rolia] [IMPORTANT] rolia.yml holds the secret. Keep it secret and back it up with your world!
[10:39:24 INFO]: [Rolia] using config /home/runner/work/Rolia/Rolia/testrun/rolia.yml
[10:39:24 INFO]: [io.rolia.secureseed.Globals] Rolia: config loaded (secure seed ACTIVE fp=b38c40d8d6ba0553).
[10:39:24 INFO]: [io.rolia.secureseed.Globals] Rolia: all 3 options are at their defaults (stock Canvas behaviour + the secure seed).
[10:39:24 INFO]: [io.rolia.secureseed.Globals] Rolia: blake2b-selftest 06bbc3dedf13a31139498655251b7588ccd3bb5aaa071b2d44d8e0a04095579ed590fbfdcf941f4370ce5ce623624e7a76d33e7a8109dcda9b57d72f8f8efa51
[10:39:24 INFO]: [io.rolia.secureseed.Globals] Rolia: slime-selftest c00170ff8fd2544d
[10:39:24 INFO]: Selecting spawn point for level 'minecraft:overworld'...
[10:39:32 INFO]: [CanvasWorlds] Loaded Canvas config patch for level minecraft:the_nether
[10:39:32 INFO]: Selecting spawn point for level 'minecraft:the_nether'...
[10:39:33 INFO]: [CanvasWorlds] Loaded Canvas config patch for level minecraft:the_end
[10:39:33 INFO]: Selecting spawn point for level 'minecraft:the_end'...
[10:39:33 INFO]: Loading 0 persistent chunks for level 'minecraft:overworld'...
[10:39:33 INFO]: Preparing spawn area: 100%
[10:39:33 INFO]: Prepared spawn area in 9335 ms
[10:39:33 INFO]: Loading 0 persistent chunks for level 'minecraft:the_nether'...
[10:39:33 INFO]: Preparing spawn area: 100%
[10:39:33 INFO]: Prepared spawn area in 1041 ms
[10:39:33 INFO]: Loading 0 persistent chunks for level 'minecraft:the_end'...
[10:39:33 INFO]: Preparing spawn area: 100%
[10:39:33 INFO]: Prepared spawn area in 316 ms
[10:39:33 INFO]: Done preparing level "world" (9.683s)
[10:39:34 INFO]: [spark] Starting background profiler...
[10:39:34 INFO]: Saving chunks for level 'ServerLevel[world]'/minecraft:overworld
[10:39:34 INFO]: Saving chunks for level 'ServerLevel[world]'/minecraft:the_nether
[10:39:34 INFO]: Saving chunks for level 'ServerLevel[world]'/minecraft:the_end
[10:39:34 INFO]: ThreadedAnvilChunkStorage (world): All chunks are saved
[10:39:34 INFO]: ThreadedAnvilChunkStorage (DIM-1): All chunks are saved
[10:39:34 INFO]: ThreadedAnvilChunkStorage (DIM1): All chunks are saved
[10:39:34 INFO]: ThreadedAnvilChunkStorage: All dimensions are saved
[10:39:34 INFO]: [TickRegionScheduler] Starting EDF region scheduler
[10:39:34 WARN]: [TickRegionScheduler] Region profiling not supported in this environment
[10:39:34 INFO]: Done (19.610s)! For help, type "help"
[10:39:34 WARN]: [CanvasMC] Running unknown build channel, proceed with caution
[10:39:41 INFO]: Checking version, please wait...
[10:39:41 INFO]: [Rolia] 26.2 | main#46 [7f433c1] | BUILD 46
>> Java 25, (Eclipse Adoptium) OS Linux amd64 [hover]
>> Mem 4.0GB CPU AMD EPYC 7763 64-Core Processor (4)
[10:39:47 INFO]: Seed: [2566200503875106159]
[10:39:47 INFO]: Rolia: Feature seed fp: b38c40d8d6ba0553
[10:39:52 INFO]: Stopping the server
[10:39:52 INFO]: [RegionShutdownThread] Awaiting scheduler termination for 60s...
[10:39:52 INFO]: [RegionShutdownThread] Scheduler halted
[10:39:52 INFO]: Stopping server
[10:39:52 INFO]: [RegionShutdownThread] Removing players
[10:39:52 INFO]: [RegionShutdownThread] Halting chunk systems...
[10:39:52 INFO]: [ChunkHolderManager] Waiting 60s for chunk system to halt for world 'minecraft:overworld'
[10:39:52 INFO]: [ChunkHolderManager] Halted chunk system for world 'minecraft:overworld'
[10:39:52 INFO]: [ChunkHolderManager] Waiting 60s for chunk system to halt for world 'minecraft:the_nether'
[10:39:52 INFO]: [ChunkHolderManager] Halted chunk system for world 'minecraft:the_nether'
[10:39:52 INFO]: [ChunkHolderManager] Waiting 60s for chunk system to halt for world 'minecraft:the_end'
[10:39:52 INFO]: [ChunkHolderManager] Halted chunk system for world 'minecraft:the_end'
[10:39:52 INFO]: [RegionShutdownThread] Halted chunk systems
[10:39:52 INFO]: [RegionShutdownThread] Finishing pending teleports...
[10:39:52 INFO]: [RegionShutdownThread] Finished pending teleports
[10:39:52 INFO]: [RegionShutdownThread] Saving all worlds
[10:39:52 INFO]: [RegionShutdownThread] Saving world data for world 'minecraft:overworld'
[10:39:52 INFO]: [RegionShutdownThread] Closing player inventories...
[10:39:52 INFO]: [RegionShutdownThread] Closed player inventories
[10:39:52 INFO]: [RegionShutdownThread] Saving chunks...
[10:39:52 INFO]: [RegionShutdownThread] Saved chunks
[10:39:52 INFO]: [RegionShutdownThread] Saving level data...
[10:39:52 INFO]: [RegionShutdownThread] Saved level data
[10:39:52 INFO]: [RegionShutdownThread] Saved world data for world 'minecraft:overworld'
[10:39:52 INFO]: [RegionShutdownThread] Saving world data for world 'minecraft:the_nether'
[10:39:52 INFO]: [RegionShutdownThread] Closing player inventories...
[10:39:52 INFO]: [RegionShutdownThread] Closed player inventories
[10:39:52 INFO]: [RegionShutdownThread] Saving chunks...
[10:39:52 INFO]: [RegionShutdownThread] Saved chunks
[10:39:52 INFO]: [RegionShutdownThread] Saving level data...
[10:39:52 INFO]: [RegionShutdownThread] Saved level data
[10:39:52 INFO]: [RegionShutdownThread] Saved world data for world 'minecraft:the_nether'
[10:39:52 INFO]: [RegionShutdownThread] Saving world data for world 'minecraft:the_end'
[10:39:52 INFO]: [RegionShutdownThread] Closing player inventories...
[10:39:52 INFO]: [RegionShutdownThread] Closed player inventories
[10:39:52 INFO]: [RegionShutdownThread] Saving chunks...
[10:39:52 INFO]: [RegionShutdownThread] Saved chunks
[10:39:52 INFO]: [RegionShutdownThread] Saving level data...
[10:39:52 INFO]: [RegionShutdownThread] Saved level data
[10:39:52 INFO]: [RegionShutdownThread] Saved world data for world 'minecraft:the_end'
[10:39:52 INFO]: [RegionShutdownThread] Saved all worlds
[10:39:52 INFO]: [RegionShutdownThread] Saving global world data...
[10:39:52 INFO]: [RegionShutdownThread] Saved global world data.
[10:39:52 INFO]: [RegionShutdownThread] Saving all player data...
[10:39:52 INFO]: [RegionShutdownThread] Saved all player data
[10:39:52 INFO]: Waiting for all RegionFile I/O tasks to complete...
[10:39:52 INFO]: All RegionFile I/O tasks to complete
[10:39:52 INFO]: [MoonriseCommon] Awaiting termination of worker pool for up to 60s...
[10:39:52 INFO]: [MoonriseCommon] Awaiting termination of I/O pool for up to 60s...
