Starting org.bukkit.craftbukkit.Main
2026-08-01T10:41:40.600594588Z ServerMain WARN Advanced terminal features are not available in this environment
[10:41:40 INFO]: [bootstrap] Running Java 25 (OpenJDK 64-Bit Server VM 25.0.3+9-LTS; Eclipse Adoptium Temurin-25.0.3+9) on Linux 6.17.0-1020-azure (amd64)
[10:41:40 INFO]: [bootstrap] Loading Rolia 26.2-46-main@7f433c1 (1970-01-01T00:00:00Z) for Minecraft 26.2
[10:41:40 INFO]: [PluginInitializerManager] Initializing plugins...
[10:41:41 INFO]: [PluginInitializerManager] Initialized 0 plugins
[10:41:41 INFO]: [CanvasMC] Loading Canvas server configuration
[10:41:41 WARN]: [CanvasMC] SIMD operations are available for your server, but are not configured!
[10:41:41 WARN]: [CanvasMC] To enable additional optimizations, add "--add-modules=jdk.incubator.vector" to your startup flags, BEFORE the "-jar".
[10:41:41 WARN]: [CanvasMC] If you have already added this flag, then SIMD operations are not supported on your JVM or CPU.
[10:41:41 WARN]: [CanvasMC] Debug: Java: 25.0.3, test run: true
[10:41:41 INFO]: [CanvasMC] Registered all Canvas commands
[10:41:41 INFO]: [CanvasMC] Server will autosave enabled selection every 5m
[10:41:41 INFO]: [CanvasMC] Using 20.0 as default tick rate
WARNING: A terminally deprecated method in sun.misc.Unsafe has been called
WARNING: sun.misc.Unsafe::objectFieldOffset has been called by org.joml.MemUtil$MemUtilUnsafe (file:/home/runner/work/Rolia/Rolia/testrun/terrain/libraries/org/joml/joml/1.10.8/joml-1.10.8.jar)
WARNING: Please consider reporting this to the maintainers of class org.joml.MemUtil$MemUtilUnsafe
WARNING: sun.misc.Unsafe::objectFieldOffset will be removed in a future release
[10:41:45 INFO]: [ca.spottedleaf.dataconverter.minecraft.datatypes.MCTypeRegistry] Initialising converters for DataConverter...
[10:41:45 INFO]: Environment: Environment[sessionHost=https://sessionserver.mojang.com, servicesHost=https://api.minecraftservices.com, profilesHost=https://api.mojang.com, name=PROD]
[10:41:46 INFO]: [ca.spottedleaf.dataconverter.minecraft.datatypes.MCTypeRegistry] Finished initialising converters for DataConverter in 600.0ms
[10:41:46 INFO]: Found new data pack file/bukkit, loading it automatically
[10:41:46 INFO]: Found new data pack paper, loading it automatically
[10:41:47 INFO]: No existing world data, creating new world
[10:41:47 INFO]: Loaded 1585 recipes
[10:41:47 INFO]: Loaded 1688 advancements
[10:41:48 INFO]: Starting minecraft server version 26.2
[10:41:48 INFO]: Loading properties
[10:41:48 INFO]: This server is running Rolia version 26.2-46-main@7f433c1 (1970-01-01T00:00:00Z) (Implementing API version 26.2.build.46-stable)
[10:41:48 INFO]: [spark] This server bundles the spark profiler. For more information please visit https://docs.papermc.io/paper/profiling
[10:41:48 INFO]: Server Ping Player Sample Count: 12
[10:41:48 INFO]: Using 4 threads for Netty based IO
[10:41:48 INFO]: [MoonriseCommon] Setting up Paper chunk system
[10:41:48 INFO]: [MoonriseCommon] Rolia is using 1 worker threads, 1 I/O threads
[10:41:48 INFO]: [TickRegions] Initialised EDF Folia scheduler with initial 1 target thread(s)
[10:41:48 INFO]: Default game type: SURVIVAL
[10:41:48 INFO]: Generating keypair
[10:41:48 INFO]: Starting Minecraft server on *:25610
[10:41:48 INFO]: Paper: Using libdeflate (Linux x86_64) compression from Velocity.
[10:41:48 INFO]: Paper: Using OpenSSL 3.x.x (Linux x86_64) cipher from Velocity.
[10:41:49 WARN]: **** SERVER IS RUNNING IN OFFLINE/INSECURE MODE!
[10:41:49 WARN]: The server will make no attempt to authenticate usernames. Beware.
[10:41:49 WARN]: While this makes the game possible to play without internet access, it also opens up the ability for hackers to connect with any username they choose.
[10:41:49 WARN]: To change this, set "online-mode" to "true" in the server.properties file.
[10:41:49 INFO]: Preparing level "world"
[10:41:49 INFO]: [CanvasWorlds] Loaded Canvas config patch for level minecraft:overworld
[10:41:49 INFO]: [Rolia] no 1024-bit feature seed found. Generating a new cryptographically secure one...
[10:41:49 INFO]: [Rolia] settings saved to /home/runner/work/Rolia/Rolia/testrun/terrain/rolia.yml
[10:41:49 WARN]: [Rolia] [IMPORTANT] rolia.yml holds the secret. Keep it secret and back it up with your world!
[10:41:49 INFO]: [Rolia] using config /home/runner/work/Rolia/Rolia/testrun/terrain/rolia.yml
[10:41:49 INFO]: [io.rolia.secureseed.Globals] Rolia: config loaded (secure seed ACTIVE fp=c901768da4d8c2a6).
[10:41:49 INFO]: [io.rolia.secureseed.Globals] Rolia: all 3 options are at their defaults (stock Canvas behaviour + the secure seed).
[10:41:49 INFO]: [io.rolia.secureseed.Globals] Rolia: blake2b-selftest 06bbc3dedf13a31139498655251b7588ccd3bb5aaa071b2d44d8e0a04095579ed590fbfdcf941f4370ce5ce623624e7a76d33e7a8109dcda9b57d72f8f8efa51
[10:41:49 INFO]: [io.rolia.secureseed.Globals] Rolia: slime-selftest 5d6854a705c8f11e
[10:41:49 INFO]: Selecting spawn point for level 'minecraft:overworld'...
[10:41:56 INFO]: [CanvasWorlds] Loaded Canvas config patch for level minecraft:the_nether
[10:41:56 INFO]: Selecting spawn point for level 'minecraft:the_nether'...
[10:41:57 INFO]: [CanvasWorlds] Loaded Canvas config patch for level minecraft:the_end
[10:41:57 INFO]: Selecting spawn point for level 'minecraft:the_end'...
[10:41:57 INFO]: Loading 0 persistent chunks for level 'minecraft:overworld'...
[10:41:57 INFO]: Preparing spawn area: 100%
[10:41:57 INFO]: Prepared spawn area in 8209 ms
[10:41:57 INFO]: Loading 0 persistent chunks for level 'minecraft:the_nether'...
[10:41:57 INFO]: Preparing spawn area: 100%
[10:41:57 INFO]: Prepared spawn area in 1101 ms
[10:41:57 INFO]: Loading 0 persistent chunks for level 'minecraft:the_end'...
[10:41:57 INFO]: Preparing spawn area: 100%
[10:41:57 INFO]: Prepared spawn area in 292 ms
[10:41:57 INFO]: Done preparing level "world" (8.568s)
[10:41:57 INFO]: [spark] Starting background profiler...
[10:41:57 INFO]: Saving chunks for level 'ServerLevel[world]'/minecraft:overworld
[10:41:57 INFO]: Saving chunks for level 'ServerLevel[world]'/minecraft:the_nether
[10:41:57 INFO]: Saving chunks for level 'ServerLevel[world]'/minecraft:the_end
[10:41:57 INFO]: ThreadedAnvilChunkStorage (world): All chunks are saved
[10:41:57 INFO]: ThreadedAnvilChunkStorage (DIM-1): All chunks are saved
[10:41:57 INFO]: ThreadedAnvilChunkStorage (DIM1): All chunks are saved
[10:41:57 INFO]: ThreadedAnvilChunkStorage: All dimensions are saved
[10:41:57 INFO]: [TickRegionScheduler] Starting EDF region scheduler
[10:41:57 WARN]: [TickRegionScheduler] Region profiling not supported in this environment
[10:41:57 INFO]: Done (17.818s)! For help, type "help"
[10:41:58 WARN]: [CanvasMC] Running unknown build channel, proceed with caution
[10:42:02 INFO]: Marked 144 chunks in minecraft:overworld from [0, 0] to [11, 11] to be force loaded
[10:42:22 INFO]: Saving the game (this may take a moment!)
[10:42:22 INFO]: Saved global data
[10:42:22 INFO]: Saving 1 regions
[10:42:23 INFO]: Saved 1 regions in 0.64s
[10:42:23 INFO]: Saved the game
[10:42:33 INFO]: Stopping the server
[10:42:33 INFO]: [RegionShutdownThread] Awaiting scheduler termination for 60s...
[10:42:33 INFO]: [RegionShutdownThread] Scheduler halted
[10:42:33 INFO]: Stopping server
[10:42:33 INFO]: [RegionShutdownThread] Removing players
[10:42:33 INFO]: [RegionShutdownThread] Halting chunk systems...
[10:42:33 INFO]: [ChunkHolderManager] Waiting 60s for chunk system to halt for world 'minecraft:overworld'
[10:42:33 INFO]: [ChunkHolderManager] Halted chunk system for world 'minecraft:overworld'
[10:42:33 INFO]: [ChunkHolderManager] Waiting 60s for chunk system to halt for world 'minecraft:the_nether'
[10:42:33 INFO]: [ChunkHolderManager] Halted chunk system for world 'minecraft:the_nether'
[10:42:33 INFO]: [ChunkHolderManager] Waiting 60s for chunk system to halt for world 'minecraft:the_end'
[10:42:33 INFO]: [ChunkHolderManager] Halted chunk system for world 'minecraft:the_end'
[10:42:33 INFO]: [RegionShutdownThread] Halted chunk systems
[10:42:33 INFO]: [RegionShutdownThread] Finishing pending teleports...
[10:42:33 INFO]: [RegionShutdownThread] Finished pending teleports
[10:42:33 INFO]: [RegionShutdownThread] Saving all worlds
[10:42:33 INFO]: [RegionShutdownThread] Saving world data for world 'minecraft:overworld'
[10:42:33 INFO]: [RegionShutdownThread] Closing player inventories...
[10:42:33 INFO]: [RegionShutdownThread] Closed player inventories
[10:42:33 INFO]: [RegionShutdownThread] Saving chunks...
[10:42:33 INFO]: [RegionShutdownThread] Saving chunks around region around chunk [24, 5] in world 'world'
[10:42:33 INFO]: [ChunkHolderManager] Saved 1317 block chunks, 25 entity chunks, 0 poi chunks in world 'minecraft:overworld' in 0.77s
[10:42:33 INFO]: [ChunkHolderManager] Waiting 60s for chunk I/O to halt for world 'minecraft:overworld'
[10:42:33 INFO]: [ChunkHolderManager] Halted I/O scheduler for world 'minecraft:overworld'
[10:42:33 INFO]: [RegionShutdownThread] Saved chunks
[10:42:33 INFO]: [RegionShutdownThread] Saving level data...
[10:42:33 INFO]: [RegionShutdownThread] Saved level data
[10:42:33 INFO]: [RegionShutdownThread] Saved world data for world 'minecraft:overworld'
[10:42:33 INFO]: [RegionShutdownThread] Saving world data for world 'minecraft:the_nether'
[10:42:33 INFO]: [RegionShutdownThread] Closing player inventories...
[10:42:33 INFO]: [RegionShutdownThread] Closed player inventories
[10:42:33 INFO]: [RegionShutdownThread] Saving chunks...
[10:42:33 INFO]: [RegionShutdownThread] Saved chunks
[10:42:33 INFO]: [RegionShutdownThread] Saving level data...
[10:42:33 INFO]: [RegionShutdownThread] Saved level data
[10:42:33 INFO]: [RegionShutdownThread] Saved world data for world 'minecraft:the_nether'
[10:42:33 INFO]: [RegionShutdownThread] Saving world data for world 'minecraft:the_end'
[10:42:33 INFO]: [RegionShutdownThread] Closing player inventories...
[10:42:33 INFO]: [RegionShutdownThread] Closed player inventories
[10:42:33 INFO]: [RegionShutdownThread] Saving chunks...
[10:42:33 INFO]: [RegionShutdownThread] Saved chunks
[10:42:33 INFO]: [RegionShutdownThread] Saving level data...
[10:42:33 INFO]: [RegionShutdownThread] Saved level data
[10:42:33 INFO]: [RegionShutdownThread] Saved world data for world 'minecraft:the_end'
[10:42:33 INFO]: [RegionShutdownThread] Saved all worlds
[10:42:33 INFO]: [RegionShutdownThread] Saving global world data...
[10:42:34 INFO]: [RegionShutdownThread] Saved global world data.
[10:42:34 INFO]: [RegionShutdownThread] Saving all player data...
[10:42:34 INFO]: [RegionShutdownThread] Saved all player data
[10:42:34 INFO]: Waiting for all RegionFile I/O tasks to complete...
[10:42:34 INFO]: All RegionFile I/O tasks to complete
[10:42:34 INFO]: [MoonriseCommon] Awaiting termination of worker pool for up to 60s...
[10:42:34 INFO]: [MoonriseCommon] Awaiting termination of I/O pool for up to 60s...
